[INFO] >>> [1/4] Splitting Orders from inputs/CleanData/Split_TransportOrder_2524.csv...
[INFO]     Found 14 unique dates.
[INFO]     Generated 14 temp files in inputs/temp_days
[INFO] >>> [2/4] Warming up Master Distance Matrix...
[INFO]     Master Depot ID detected: 2524
[INFO] >>> [3/4] Loading Model from models/model_170_125K/vrp_model_125000_steps.zip...
[INFO] >>> [4/4] Starting Optimization Loop for 14 days...
==================================================
[INFO]   ► Processing Date: 1-6-2023
[INFO] ==================================================
[INFO]     ✔ Done in 0.69s
[INFO]     Best Cost: 718
[INFO]     Total Routes: 1
[INFO]     -> Exported CSVs: results/25240113_2258\route_summary_ppo_1-6-2023.csv & results/25240113_2258\stop_details_ppo_1-6-2023.csv
==================================================
[INFO]   ► Processing Date: 1-9-2023
[INFO] ==================================================
[INFO]     ✔ Done in 0.25s
[INFO]     Best Cost: 1,561
[INFO]     Total Routes: 1
[INFO]     -> Exported CSVs: results/25240113_2258\route_summary_ppo_1-9-2023.csv & results/25240113_2258\stop_details_ppo_1-9-2023.csv
==================================================
[INFO]   ► Processing Date: 1-11-2023
[INFO] ==================================================
[INFO]     ✔ Done in 0.24s
[INFO]     Best Cost: 1,005
[INFO]     Total Routes: 1
[INFO]     -> Exported CSVs: results/25240113_2258\route_summary_ppo_1-11-2023.csv & results/25240113_2258\stop_details_ppo_1-11-2023.csv
==================================================
[INFO]   ► Processing Date: 1-12-2023
[INFO] ==================================================
[INFO]     ✔ Done in 0.40s
[INFO]     Best Cost: 2,546
[INFO]     Total Routes: 3
[INFO]     -> Exported CSVs: results/25240113_2258\route_summary_ppo_1-12-2023.csv & results/25240113_2258\stop_details_ppo_1-12-2023.csv
==================================================
[INFO]   ► Processing Date: 1-13-2023
[INFO] ==================================================
[INFO]     ✔ Done in 1.33s
[INFO]     Best Cost: 3,169
[INFO]     Total Routes: 3
[INFO]     -> Exported CSVs: results/25240113_2258\route_summary_ppo_1-13-2023.csv & results/25240113_2258\stop_details_ppo_1-13-2023.csv
==================================================
[INFO]   ► Processing Date: 1-16-2023
[INFO] ==================================================
[INFO]     ✔ Done in 2.39s
[INFO]     Best Cost: 6,801
[INFO]     Total Routes: 5
[INFO]     -> Exported CSVs: results/25240113_2258\route_summary_ppo_1-16-2023.csv & results/25240113_2258\stop_details_ppo_1-16-2023.csv
==================================================
[INFO]   ► Processing Date: 1-17-2023
[INFO] ==================================================
[INFO]     ✔ Done in 0.28s
[INFO]     Best Cost: 756
[INFO]     Total Routes: 1
[INFO]     -> Exported CSVs: results/25240113_2258\route_summary_ppo_1-17-2023.csv & results/25240113_2258\stop_details_ppo_1-17-2023.csv
==================================================
[INFO]   ► Processing Date: 1-18-2023
[INFO] ==================================================
[INFO]     ✔ Done in 0.29s
[INFO]     Best Cost: 866
[INFO]     Total Routes: 1
[INFO]     -> Exported CSVs: results/25240113_2258\route_summary_ppo_1-18-2023.csv & results/25240113_2258\stop_details_ppo_1-18-2023.csv
==================================================
[INFO]   ► Processing Date: 1-20-2023
[INFO] ==================================================
[INFO]     ✔ Done in 2.19s
[INFO]     Best Cost: 4,339
[INFO]     Total Routes: 4
[INFO]     -> Exported CSVs: results/25240113_2258\route_summary_ppo_1-20-2023.csv & results/25240113_2258\stop_details_ppo_1-20-2023.csv
==================================================
[INFO]   ► Processing Date: 1-23-2023
[INFO] ==================================================
[INFO]     ✔ Done in 2.73s
[INFO]     Best Cost: 8,036
[INFO]     Total Routes: 5
[INFO]     -> Exported CSVs: results/25240113_2258\route_summary_ppo_1-23-2023.csv & results/25240113_2258\stop_details_ppo_1-23-2023.csv
==================================================
[INFO]   ► Processing Date: 3-16-2023
[INFO] ==================================================
[INFO]     ✔ Done in 9.58s
[INFO]     Best Cost: 8,464
[INFO]     Total Routes: 6
[INFO]     -> Exported CSVs: results/25240113_2258\route_summary_ppo_3-16-2023.csv & results/25240113_2258\stop_details_ppo_3-16-2023.csv
==================================================
[INFO]   ► Processing Date: 3-17-2023
[INFO] ==================================================
[INFO]     ✔ Done in 0.56s
[INFO]     Best Cost: 931
[INFO]     Total Routes: 1
[INFO]     -> Exported CSVs: results/25240113_2258\route_summary_ppo_3-17-2023.csv & results/25240113_2258\stop_details_ppo_3-17-2023.csv
==================================================
[INFO]   ► Processing Date: 3-20-2023
[INFO] ==================================================
[INFO]     ✔ Done in 0.34s
[INFO]     Best Cost: 1,216
[INFO]     Total Routes: 1
[INFO]     -> Exported CSVs: results/25240113_2258\route_summary_ppo_3-20-2023.csv & results/25240113_2258\stop_details_ppo_3-20-2023.csv
==================================================
[INFO]   ► Processing Date: 3-27-2023
[INFO] ==================================================
[INFO]     ✔ Done in 0.44s
[INFO]     Best Cost: 1,367
[INFO]     Total Routes: 1
[INFO]     -> Exported CSVs: results/25240113_2258\route_summary_ppo_3-27-2023.csv & results/25240113_2258\stop_details_ppo_3-27-2023.csv
>>> All finished in 37.69s. Results saved to results/25240113_2258
